[    0.000000] Initializing cgroup subsys cpuset
[    0.000000] Initializing cgroup subsys cpu
[    0.000000] Initializing cgroup subsys cpuacct
[    0.000000] Linux version 4.4.0-146-generic (buildd@lcy01-amd64-025) (gcc version 5.4.0 20160609 (Ubuntu 5.4.0-6ubuntu1~16.04.10) ) #172-Ubuntu SMP Wed Apr 3 09:00:08 UTC 2019 (Ubuntu 4.4.0-146.172-generic 4.4.177)
[    0.000000] Command line: BOOT_IMAGE=/boot/vmlinuz-4.4.0-146-generic root=LABEL=cloudimg-rootfs ro console=tty1 console=ttyS0
[    0.000000] KERNEL supported cpus:
[    0.000000]   Intel GenuineIntel
[    0.000000]   AMD AuthenticAMD
[    0.000000]   Centaur CentaurHauls
[    0.000000] x86/fpu: xstate_offset[2]:  576, xstate_sizes[2]:  256
[    0.000000] x86/fpu: Supporting XSAVE feature 0x01: 'x87 floating point registers'
[    0.000000] x86/fpu: Supporting XSAVE feature 0x02: 'SSE registers'
[    0.000000] x86/fpu: Supporting XSAVE feature 0x04: 'AVX registers'
[    0.000000] x86/fpu: Enabled xstate features 0x7, context size is 832 bytes, using 'standard' format.
[    0.000000] e820: BIOS-provided physical RAM map:
[    0.000000] BIOS-e820: [mem 0x0000000000000000-0x000000000009fbff] usable
[    0.000000] BIOS-e820: [mem 0x000000000009fc00-0x000000000009ffff] reserved
[    0.000000] BIOS-e820: [mem 0x00000000000f0000-0x00000000000fffff] reserved
[    0.000000] BIOS-e820: [mem 0x0000000000100000-0x000000003ffeffff] usable
[    0.000000] BIOS-e820: [mem 0x000000003fff0000-0x000000003fffffff] ACPI data
[    0.000000] BIOS-e820: [mem 0x00000000fec00000-0x00000000fec00fff] reserved
[    0.000000] BIOS-e820: [mem 0x00000000fee00000-0x00000000fee00fff] reserved
[    0.000000] BIOS-e820: [mem 0x00000000fffc0000-0x00000000ffffffff] reserved
[    0.000000] NX (Execute Disable) protection: active
[    0.000000] SMBIOS 2.5 present.
[    0.000000] Hypervisor detected: KVM
[    0.000000] e820: last_pfn = 0x3fff0 max_arch_pfn = 0x400000000
[    0.000000] MTRR: Disabled
[    0.000000] x86/PAT: MTRRs disabled, skipping PAT initialization too.
[    0.000000] CPU MTRRs all blank - virtualized system.
[    0.000000] x86/PAT: Configuration [0-7]: WB  WT  UC- UC  WB  WT  UC- UC  
[    0.000000] found SMP MP-table at [mem 0x0009fff0-0x0009ffff] mapped at [ffff88000009fff0]
[    0.000000] Scanning 1 areas for low memory corruption
[    0.000000] RAMDISK: [mem 0x362fa000-0x37174fff]
[    0.000000] ACPI: Early table checksum verification disabled
[    0.000000] ACPI: RSDP 0x00000000000E0000 000024 (v02 VBOX  )
[    0.000000] ACPI: XSDT 0x000000003FFF0030 00003C (v01 VBOX   VBOXXSDT 00000001 ASL  00000061)
[    0.000000] ACPI: FACP 0x000000003FFF00F0 0000F4 (v04 VBOX   VBOXFACP 00000001 ASL  00000061)
[    0.000000] ACPI: DSDT 0x000000003FFF0470 0022EA (v02 VBOX   VBOXBIOS 00000002 INTL 20100528)
[    0.000000] ACPI: FACS 0x000000003FFF0200 000040
[    0.000000] ACPI: FACS 0x000000003FFF0200 000040
[    0.000000] ACPI: APIC 0x000000003FFF0240 00005C (v02 VBOX   VBOXAPIC 00000001 ASL  00000061)
[    0.000000] ACPI: SSDT 0x000000003FFF02A0 0001CC (v01 VBOX   VBOXCPUT 00000002 INTL 20100528)
[    0.000000] No NUMA configuration found
[    0.000000] Faking a node at [mem 0x0000000000000000-0x000000003ffeffff]
[    0.000000] NODE_DATA(0) allocated [mem 0x3ffeb000-0x3ffeffff]
[    0.000000] kvm-clock: Using msrs 4b564d01 and 4b564d00
[    0.000000] kvm-clock: cpu 0, msr 0:3ffe3001, primary cpu clock
[    0.000000] kvm-clock: using sched offset of 3937100367 cycles
[    0.000000] clocksource: kvm-clock: mask: 0xffffffffffffffff max_cycles: 0x1cd42e4dffb, max_idle_ns: 881590591483 ns
[    0.000000] Zone ranges:
[    0.000000]   DMA      [mem 0x0000000000001000-0x0000000000ffffff]
[    0.000000]   DMA32    [mem 0x0000000001000000-0x000000003ffeffff]
[    0.000000]   Normal   empty
[    0.000000]   Device   empty
[    0.000000] Movable zone start for each node
[    0.000000] Early memory node ranges
[    0.000000]   node   0: [mem 0x0000000000001000-0x000000000009efff]
[    0.000000]   node   0: [mem 0x0000000000100000-0x000000003ffeffff]
[    0.000000] Initmem setup node 0 [mem 0x0000000000001000-0x000000003ffeffff]
[    0.000000] ACPI: PM-Timer IO Port: 0x4008
[    0.000000] IOAPIC[0]: apic_id 2, version 32, address 0xfec00000, GSI 0-23
[    0.000000] ACPI: INT_SRC_OVR (bus 0 bus_irq 0 global_irq 2 dfl dfl)
[    0.000000] ACPI: INT_SRC_OVR (bus 0 bus_irq 9 global_irq 9 low level)
[    0.000000] Using ACPI (MADT) for SMP configuration information
[    0.000000] smpboot: Allowing 2 CPUs, 0 hotplug CPUs
[    0.000000] PM: Registered nosave memory: [mem 0x00000000-0x00000fff]
[    0.000000] PM: Registered nosave memory: [mem 0x0009f000-0x0009ffff]
[    0.000000] PM: Registered nosave memory: [mem 0x000a0000-0x000effff]
[    0.000000] PM: Registered nosave memory: [mem 0x000f0000-0x000fffff]
[    0.000000] e820: [mem 0x40000000-0xfebfffff] available for PCI devices
[    0.000000] Booting paravirtualized kernel on KVM
[    0.000000] clocksource: refined-jiffies: mask: 0xffffffff max_cycles: 0xffffffff, max_idle_ns: 7645519600211568 ns
[    0.000000] setup_percpu: NR_CPUS:512 nr_cpumask_bits:512 nr_cpu_ids:2 nr_node_ids:1
[    0.000000] PERCPU: Embedded 34 pages/cpu @ffff88003fc00000 s99480 r8192 d31592 u1048576
[    0.000000] Built 1 zonelists in Node order, mobility grouping on.  Total pages: 257912
[    0.000000] Policy zone: DMA32
[    0.000000] Kernel command line: BOOT_IMAGE=/boot/vmlinuz-4.4.0-146-generic root=LABEL=cloudimg-rootfs ro console=tty1 console=ttyS0
[    0.000000] PID hash table entries: 4096 (order: 3, 32768 bytes)
[    0.000000] Memory: 997732K/1048120K available (8609K kernel code, 1334K rwdata, 4028K rodata, 1484K init, 1284K bss, 50388K reserved, 0K cma-reserved)
[    0.000000] SLUB: HWalign=64, Order=0-3, MinObjects=0, CPUs=2, Nodes=1
[    0.000000] Kernel/User page tables isolation: enabled
[    0.000000] Hierarchical RCU implementation.
[    0.000000] 	Build-time adjustment of leaf fanout to 64.
[    0.000000] 	RCU restricting CPUs from NR_CPUS=512 to nr_cpu_ids=2.
[    0.000000] RCU: Adjusting geometry for rcu_fanout_leaf=64, nr_cpu_ids=2
[    0.000000] NR_IRQS:33024 nr_irqs:440 16
[    0.000000] Console: colour VGA+ 80x25
[    0.000000] console [tty1] enabled
[    0.000000] console [ttyS0] enabled
[    0.000000] tsc: Detected 1696.076 MHz processor
[    0.222526] Calibrating delay loop (skipped) preset value.. 3392.15 BogoMIPS (lpj=6784304)
[    0.225498] pid_max: default: 32768 minimum: 301
[    0.227086] ACPI: Core revision 20150930
[    0.230063] ACPI: 2 ACPI AML tables successfully acquired and loaded
[    0.232262] Security Framework initialized
[    0.233755] Yama: becoming mindful.
[    0.234953] AppArmor: AppArmor initialized
[    0.236401] Dentry cache hash table entries: 131072 (order: 8, 1048576 bytes)
[    0.242094] Inode-cache hash table entries: 65536 (order: 7, 524288 bytes)
[    0.244463] Mount-cache hash table entries: 2048 (order: 2, 16384 bytes)
[    0.246501] Mountpoint-cache hash table entries: 2048 (order: 2, 16384 bytes)
[    0.248820] Initializing cgroup subsys io
[    0.250239] Initializing cgroup subsys memory
[    0.251634] Initializing cgroup subsys devices
[    0.253045] Initializing cgroup subsys freezer
[    0.254580] Initializing cgroup subsys net_cls
[    0.255963] Initializing cgroup subsys perf_event
[    0.257563] Initializing cgroup subsys net_prio
[    0.259025] Initializing cgroup subsys hugetlb
[    0.260558] Initializing cgroup subsys pids
[    0.263318] mce: CPU supports 0 MCE banks
[    0.264824] Last level iTLB entries: 4KB 1024, 2MB 1024, 4MB 1024
[    0.266699] Last level dTLB entries: 4KB 1024, 2MB 1024, 4MB 1024, 1GB 4
[    0.268768] Spectre V2 : Mitigation: Full generic retpoline
[    0.270496] Spectre V2 : Spectre v2 / SpectreRSB mitigation: Filling RSB on context switch
[    0.273275] Speculative Store Bypass: Vulnerable
[    0.279643] Freeing SMP alternatives memory: 36K
[    0.290847] ftrace: allocating 32287 entries in 127 pages
[    0.395466] smpboot: APIC(0) Converting physical 0 to logical package 0
[    0.397503] smpboot: Max logical packages: 1
[    0.399364] x2apic enabled
[    0.400805] Switched APIC routing to physical x2apic.
[    0.404433] ..TIMER: vector=0x30 apic1=0 pin1=2 apic2=-1 pin2=-1
[    0.514343] smpboot: CPU0: Intel(R) Core(TM) i3-4005U CPU @ 1.70GHz (family: 0x6, model: 0x45, stepping: 0x1)
[    0.517754] Performance Events: unsupported p6 CPU model 69 no PMU driver, software events only.
[    0.535846] KVM setup paravirtual spinlock
[    0.538278] x86: Booting SMP configuration:
[    0.539641] .... node  #0, CPUs:      #1
[    0.540972] kvm-clock: cpu 1, msr 0:3ffe3041, secondary cpu clock
[    0.543735] mce: CPU supports 0 MCE banks
[    0.546645] x86: Booted up 1 node, 2 CPUs
[    0.548252] smpboot: Total of 2 processors activated (6784.30 BogoMIPS)
[    0.550661] devtmpfs: initialized
[    0.554064] evm: security.selinux
[    0.555214] evm: security.SMACK64
[    0.556342] evm: security.SMACK64EXEC
[    0.557516] evm: security.SMACK64TRANSMUTE
[    0.558812] evm: security.SMACK64MMAP
[    0.560020] evm: security.ima
[    0.561062] evm: security.capability
[    0.562579] clocksource: jiffies: mask: 0xffffffff max_cycles: 0xffffffff, max_idle_ns: 7645041785100000 ns
[    0.565495] futex hash table entries: 512 (order: 3, 32768 bytes)
[    0.568012] pinctrl core: initialized pinctrl subsystem
[    0.570009] RTC time: 13:49:10, date: 05/04/19
[    0.571941] NET: Registered protocol family 16
[    0.583682] cpuidle: using governor ladder
[    0.595460] cpuidle: using governor menu
[    0.596777] PCCT header not found.
[    0.598186] ACPI: bus type PCI registered
[    0.599737] acpiphp: ACPI Hot Plug PCI Controller Driver version: 0.5
[    0.602013] PCI: Using configuration type 1 for base access
[    0.617158] ACPI: Added _OSI(Module Device)
[    0.618760] ACPI: Added _OSI(Processor Device)
[    0.620448] ACPI: Added _OSI(3.0 _SCP Extensions)
[    0.622093] ACPI: Added _OSI(Processor Aggregator Device)
[    0.625086] ACPI: Executed 1 blocks of module-level executable AML code
[    0.630807] ACPI: Interpreter enabled
[    0.632299] ACPI: (supports S0 S5)
[    0.633617] ACPI: Using IOAPIC for interrupt routing
[    0.635754] PCI: Using host bridge windows from ACPI; if necessary, use "pci=nocrs" and report a bug
[    0.648396] ACPI: PCI Root Bridge [PCI0] (domain 0000 [bus 00-ff])
[    0.650992] acpi PNP0A03:00: _OSC: OS supports [ASPM ClockPM Segments MSI]
[    0.654406] acpi PNP0A03:00: _OSC: not requesting OS control; OS requires [ExtendedConfig ASPM ClockPM MSI]
[    0.658024] acpi PNP0A03:00: fail to add MMCONFIG information, can't access extended PCI configuration space under this bridge.
[    0.662529] PCI host bridge to bus 0000:00
[    0.664101] pci_bus 0000:00: root bus resource [io  0x0000-0x0cf7 window]
[    0.665992] pci_bus 0000:00: root bus resource [io  0x0d00-0xffff window]
[    0.667955] pci_bus 0000:00: root bus resource [mem 0x000a0000-0x000bffff window]
[    0.670424] pci_bus 0000:00: root bus resource [mem 0x40000000-0xfdffffff window]
[    0.672977] pci_bus 0000:00: root bus resource [bus 00-ff]
[    0.677287] pci 0000:00:01.1: legacy IDE quirk: reg 0x10: [io  0x01f0-0x01f7]
[    0.679329] pci 0000:00:01.1: legacy IDE quirk: reg 0x14: [io  0x03f6]
[    0.681345] pci 0000:00:01.1: legacy IDE quirk: reg 0x18: [io  0x0170-0x0177]
[    0.683426] pci 0000:00:01.1: legacy IDE quirk: reg 0x1c: [io  0x0376]
[    0.714046] pci 0000:00:07.0: quirk: [io  0x4000-0x403f] claimed by PIIX4 ACPI
[    0.716541] pci 0000:00:07.0: quirk: [io  0x4100-0x410f] claimed by PIIX4 SMB
[    0.752547] ACPI: PCI Interrupt Link [LNKA] (IRQs 5 9 10 *11)
[    0.755326] ACPI: PCI Interrupt Link [LNKB] (IRQs 5 9 *10 11)
[    0.757916] ACPI: PCI Interrupt Link [LNKC] (IRQs 5 *9 10 11)
[    0.760454] ACPI: PCI Interrupt Link [LNKD] (IRQs 5 9 10 *11)
[    0.763002] ACPI: Enabled 2 GPEs in block 00 to 07
[    0.765166] vgaarb: setting as boot device: PCI:0000:00:02.0
[    0.766947] vgaarb: device added: PCI:0000:00:02.0,decodes=io+mem,owns=io+mem,locks=none
[    0.769772] vgaarb: loaded
[    0.770833] vgaarb: bridge control possible 0000:00:02.0
[    0.772873] SCSI subsystem initialized
[    0.774378] ACPI: bus type USB registered
[    0.775734] usbcore: registered new interface driver usbfs
[    0.777477] usbcore: registered new interface driver hub
[    0.779095] usbcore: registered new device driver usb
[    0.781149] PCI: Using ACPI for IRQ routing
[    0.782989] NetLabel: Initializing
[    0.784274] NetLabel:  domain hash size = 128
[    0.785619] NetLabel:  protocols = UNLABELED CIPSOv4
[    0.791238] NetLabel:  unlabeled traffic allowed by default
[    0.793134] amd_nb: Cannot enumerate AMD northbridges
[    0.794716] clocksource: Switched to clocksource kvm-clock
[    0.813080] AppArmor: AppArmor Filesystem Enabled
[    0.814796] pnp: PnP ACPI init
[    0.817182] pnp: PnP ACPI: found 3 devices
[    0.831401] clocksource: acpi_pm: mask: 0xffffff max_cycles: 0xffffff, max_idle_ns: 2085701024 ns
[    0.834119] NET: Registered protocol family 2
[    0.835774] TCP established hash table entries: 8192 (order: 4, 65536 bytes)
[    0.837778] TCP bind hash table entries: 8192 (order: 5, 131072 bytes)
[    0.839697] TCP: Hash tables configured (established 8192 bind 8192)
[    0.841550] UDP hash table entries: 512 (order: 2, 16384 bytes)
[    0.843285] UDP-Lite hash table entries: 512 (order: 2, 16384 bytes)
[    0.845252] NET: Registered protocol family 1
[    0.846712] pci 0000:00:00.0: Limiting direct PCI/PCI transfers
[    0.848499] pci 0000:00:01.0: Activating ISA DMA hang workarounds
[    0.850423] Unpacking initramfs...
[    1.335964] Freeing initrd memory: 14828K
[    1.337512] RAPL PMU detected, API unit is 2^-32 Joules, 4 fixed counters 10737418240 ms ovfl timer
[    1.340449] hw unit of domain pp0-core 2^-0 Joules
[    1.341987] hw unit of domain package 2^-0 Joules
[    1.343570] hw unit of domain dram 2^-0 Joules
[    1.345012] hw unit of domain pp1-gpu 2^-0 Joules
[    1.346559] platform rtc_cmos: registered platform RTC device (no PNP device found)
[    1.349111] Scanning for low memory corruption every 60 seconds
[    1.351716] audit: initializing netlink subsys (disabled)
[    1.353363] audit: type=2000 audit(1556977756.139:1): initialized
[    1.355557] Initialise system trusted keyring
[    1.357333] HugeTLB registered 2 MB page size, pre-allocated 0 pages
[    1.361745] zbud: loaded
[    1.363496] VFS: Disk quotas dquot_6.6.0
[    1.365372] VFS: Dquot-cache hash table entries: 512 (order 0, 4096 bytes)
[    1.367993] squashfs: version 4.0 (2009/01/31) Phillip Lougher
[    1.370428] fuse init (API version 7.23)
[    1.372108] Key type big_key registered
[    1.373448] Allocating IMA MOK and blacklist keyrings.
[    1.377867] Key type asymmetric registered
[    1.379151] Asymmetric key parser 'x509' registered
[    1.380744] Block layer SCSI generic (bsg) driver version 0.4 loaded (major 249)
[    1.383150] io scheduler noop registered
[    1.384440] io scheduler deadline registered (default)
[    1.385990] io scheduler cfq registered
[    1.387554] pci_hotplug: PCI Hot Plug PCI Core version: 0.5
[    1.389377] pciehp: PCI Express Hot Plug Controller Driver version: 0.4
[    1.391417] ACPI: AC Adapter [AC] (off-line)
[    1.392831] input: Power Button as /devices/LNXSYSTM:00/LNXPWRBN:00/input/input0
[    1.395178] ACPI: Power Button [PWRF]
[    1.396488] input: Sleep Button as /devices/LNXSYSTM:00/LNXSLPBN:00/input/input1
[    1.398785] ACPI: Sleep Button [SLPF]
[    1.400297] GHES: HEST is not enabled!
[    1.401311] ACPI: Battery Slot [BAT0] (battery present)
[    1.403575] Serial: 8250/16550 driver, 32 ports, IRQ sharing enabled
[    1.426402] 00:02: ttyS0 at I/O 0x3f8 (irq = 4, base_baud = 115200) is a 16550A
[    1.432934] Linux agpgart interface v0.103
[    1.436999] loop: module loaded
[    1.438963] scsi host0: ata_piix
[    1.440220] scsi host1: ata_piix
[    1.441392] ata1: PATA max UDMA/33 cmd 0x1f0 ctl 0x3f6 bmdma 0xd000 irq 14
[    1.443276] ata2: PATA max UDMA/33 cmd 0x170 ctl 0x376 bmdma 0xd008 irq 15
[    1.445384] libphy: Fixed MDIO Bus: probed
[    1.446772] tun: Universal TUN/TAP device driver, 1.6
[    1.448427] tun: (C) 1999-2004 Max Krasnyansky <maxk@qualcomm.com>
[    1.450262] PPP generic driver version 2.4.2
[    1.451796] ehci_hcd: USB 2.0 'Enhanced' Host Controller (EHCI) Driver
[    1.453589] ehci-pci: EHCI PCI platform driver
[    1.454987] ehci-platform: EHCI generic platform driver
[    1.456505] ohci_hcd: USB 1.1 'Open' Host Controller (OHCI) Driver
[    1.458217] ohci-pci: OHCI PCI platform driver
[    1.459665] ohci-platform: OHCI generic platform driver
[    1.461212] uhci_hcd: USB Universal Host Controller Interface driver
[    1.463043] i8042: PNP: PS/2 Controller [PNP0303:PS2K,PNP0f03:PS2M] at 0x60,0x64 irq 1,12
[    1.466183] serio: i8042 KBD port at 0x60,0x64 irq 1
[    1.467725] serio: i8042 AUX port at 0x60,0x64 irq 12
[    1.469523] mousedev: PS/2 mouse device common for all mice
[    1.471659] input: AT Translated Set 2 keyboard as /devices/platform/i8042/serio0/input/input2
[    1.474913] rtc_cmos rtc_cmos: rtc core: registered rtc_cmos as rtc0
[    1.476755] rtc_cmos rtc_cmos: alarms up to one day, 114 bytes nvram
[    1.478617] i2c /dev entries driver
[    1.480076] device-mapper: uevent: version 1.0.3
[    1.482293] device-mapper: ioctl: 4.34.0-ioctl (2015-10-28) initialised: dm-devel@redhat.com
[    1.485031] ledtrig-cpu: registered to indicate activity on CPUs
[    1.487487] NET: Registered protocol family 10
[    1.489173] NET: Registered protocol family 17
[    1.490531] Key type dns_resolver registered
[    1.492528] registered taskstats version 1
[    1.493829] Loading compiled-in X.509 certificates
[    1.496339] Loaded X.509 cert 'Build time autogenerated kernel key: 4dcb2dc2c7cf43e0c20c44384f68683c20294489'
[    1.499158] zswap: loaded using pool lzo/zbud
[    1.503189] Key type trusted registered
[    1.509214] Key type encrypted registered
[    1.510498] AppArmor: AppArmor sha1 policy hashing enabled
[    1.512133] ima: No TPM chip found, activating TPM-bypass!
[    1.513843] ima: Allocated hash algorithm: sha1
[    1.515633] evm: HMAC attrs: 0x1
[    1.517255]   Magic number: 3:459:836
[    1.518552] rtc_cmos rtc_cmos: setting system clock to 2019-05-04 13:49:11 UTC (1556977751)
[    1.521295] BIOS EDD facility v0.16 2004-Jun-25, 0 devices found
[    1.522951] EDD information not available.
[    1.604931] Freeing unused kernel memory: 1484K
[    1.606673] Write protecting the kernel read-only data: 14336k
[    1.609304] Freeing unused kernel memory: 1620K
[    1.611094] Freeing unused kernel memory: 68K
Loading, please wait...
starting version 229
[    1.632739] random: systemd-udevd: uninitialized urandom read (16 bytes read, 2 bits of entropy available)
[    1.633707] random: udevadm: uninitialized urandom read (16 bytes read, 2 bits of entropy available)
[    1.633737] random: udevadm: uninitialized urandom read (16 bytes read, 2 bits of entropy available)
[    1.642655] random: systemd-udevd: uninitialized urandom read (16 bytes read, 2 bits of entropy available)
[    1.645766] random: udevadm: uninitialized urandom read (16 bytes read, 2 bits of entropy available)
[    1.645829] random: udevadm: uninitialized urandom read (16 bytes read, 2 bits of entropy available)
[    1.646068] random: udevadm: uninitialized urandom read (16 bytes read, 2 bits of entropy available)
[    1.646142] random: udevadm: uninitialized urandom read (16 bytes read, 2 bits of entropy available)
[    1.646213] random: udevadm: uninitialized urandom read (16 bytes read, 2 bits of entropy available)
[    1.646285] random: udevadm: uninitialized urandom read (16 bytes read, 2 bits of entropy available)
[    1.734173] e1000: Intel(R) PRO/1000 Network Driver - version 7.3.21-k8-NAPI
[    1.737092] e1000: Copyright (c) 1999-2006 Intel Corporation.
[    1.741531] Fusion MPT base driver 3.04.20
[    1.743120] Copyright (c) 1999-2008 LSI Corporation
[    1.801165] AVX2 version of gcm_enc/dec engaged.
[    1.802818] AES CTR mode by8 optimization enabled
[    1.804337] Fusion MPT SPI Host driver 3.04.20
[    2.008350] input: ImExPS/2 Generic Explorer Mouse as /devices/platform/i8042/serio1/input/input4
[    3.053819] tsc: Refined TSC clocksource calibration: 1696.335 MHz
[    3.058180] clocksource: tsc: mask: 0xffffffffffffffff max_cycles: 0x1873a0ff64e, max_idle_ns: 440795204833 ns
[    3.094024] e1000 0000:00:03.0 eth0: (PCI:33MHz:32-bit) 02:6d:cd:79:6e:19
[    3.096019] e1000 0000:00:03.0 eth0: Intel(R) PRO/1000 Network Connection
[    4.591461] e1000 0000:00:08.0 eth1: (PCI:33MHz:32-bit) 08:00:27:8a:d7:d1
[    4.593839] e1000 0000:00:08.0 eth1: Intel(R) PRO/1000 Network Connection
[    4.597364] mptbase: ioc0: Initiating bringup
[    4.598127] e1000 0000:00:03.0 enp0s3: renamed from eth0
[    4.607379] e1000 0000:00:08.0 enp0s8: renamed from eth1
[    4.663175] ioc0: LSI53C1030 A0: Capabilities={Initiator}
[    4.826212] scsi host2: ioc0: LSI53C1030 A0, FwRev=00000000h, Ports=1, MaxQ=256, IRQ=20
[    4.939954] scsi 2:0:0:0: Direct-Access     VBOX     HARDDISK         1.0  PQ: 0 ANSI: 5
[    4.943581] scsi target2:0:0: Beginning Domain Validation
[    4.947528] scsi target2:0:0: Domain Validation skipping write tests
[    4.950137] scsi target2:0:0: Ending Domain Validation
[    4.977529] scsi target2:0:0: asynchronous
[    4.980159] scsi 2:0:1:0: Direct-Access     VBOX     HARDDISK         1.0  PQ: 0 ANSI: 5
[    4.983832] scsi target2:0:1: Beginning Domain Validation
[    4.987885] scsi target2:0:1: Domain Validation skipping write tests
[    4.990399] scsi target2:0:1: Ending Domain Validation
[    4.992724] scsi target2:0:1: asynchronous
[    5.005685] sd 2:0:0:0: Attached scsi generic sg0 type 0
[    5.008068] sd 2:0:0:0: [sda] 20971520 512-byte logical blocks: (10.7 GB/10.0 GiB)
[    5.012787] sd 2:0:1:0: [sdb] 20480 512-byte logical blocks: (10.5 MB/10.0 MiB)
[    5.016404] sd 2:0:0:0: [sda] Write Protect is off
[    5.016555] sd 2:0:1:0: Attached scsi generic sg1 type 0
[    5.016737] sd 2:0:1:0: [sdb] Write Protect is off
[    5.016958] sd 2:0:1:0: [sdb] Incomplete mode parameter data
[    5.016962] sd 2:0:1:0: [sdb] Assuming drive cache: write through
[    5.028003] sd 2:0:0:0: [sda] Incomplete mode parameter data
[    5.029776] sd 2:0:0:0: [sda] Assuming drive cache: write through
[    5.051380]  sda: sda1
[    5.052708] sd 2:0:1:0: [sdb] Attached SCSI disk
[    5.055009] sd 2:0:0:0: [sda] Attached SCSI disk
Begin: Loading essential drivers ... [    6.656243] md: linear personality registered for level -1
[    6.662139] md: multipath personality registered for level -4
[    6.668094] md: raid0 personality registered for level 0
[    6.676025] md: raid1 personality registered for level 1
[    6.751036] raid6: sse2x1   gen()  5210 MB/s
[    6.818961] raid6: sse2x1   xor()  4055 MB/s
[    6.886934] raid6: sse2x2   gen()  6684 MB/s
[    6.954849] raid6: sse2x2   xor()  4443 MB/s
[    7.022819] raid6: sse2x4   gen()  7572 MB/s
[    7.091249] raid6: sse2x4   xor()  5416 MB/s
[    7.159252] raid6: avx2x1   gen()  9673 MB/s
[    7.227141] raid6: avx2x2   gen() 11293 MB/s
[    7.295047] raid6: avx2x4   gen() 13402 MB/s
[    7.296452] raid6: using algorithm avx2x4 gen() 13402 MB/s
[    7.298577] raid6: using avx2x2 recovery algorithm
[    7.302262] xor: automatically using best checksumming function:
[    7.342920]    avx       : 13562.000 MB/sec
[    7.346276] async_tx: api initialized (async)
[    7.365229] md: raid6 personality registered for level 6
[    7.367500] md: raid5 personality registered for level 5
[    7.369359] md: raid4 personality registered for level 4
[    7.381077] md: raid10 personality registered for level 10
done.
Begin: Running /scripts/init-premount ... done.
Begin: Mounting root file system ... Begin: Running /scripts/local-top ... done.
Begin: Running /scripts/local-premount ... [    7.429654] Btrfs loaded
Scanning for Btrfs filesystems
done.
Warning: fsck not present, so skipping root file system
[    7.500482] EXT4-fs (sda1): mounted filesystem with ordered data mode. Opts: (null)
done.
Begin: Running /scripts/local-bottom ... done.
Begin: Running /scripts/init-bottom ... done.
[    8.340255] systemd[1]: systemd 229 running in system mode. (+PAM +AUDIT +SELINUX +IMA +APPARMOR +SMACK +SYSVINIT +UTMP +LIBCRYPTSETUP +GCRYPT +GNUTLS +ACL +XZ -LZ4 +SECCOMP +BLKID +ELFUTILS +KMOD -IDN)
[    8.345666] systemd[1]: Detected virtualization oracle.
[    8.347253] systemd[1]: Detected architecture x86-64.

Welcome to [1mUbuntu 16.04.6 LTS[0m!

[    8.374581] systemd[1]: Set hostname to <ubuntu-xenial>.
[    8.680231] random: nonblocking pool is initialized
[    9.840479] systemd[1]: Reached target User and Group Name Lookups.
[[0;32m  OK  [0m] Reached target User and Group Name Lookups.
[    9.843998] systemd[1]: Started Trigger resolvconf update for networkd DNS.
[[0;32m  OK  [0m] Started Trigger resolvconf update for networkd DNS.
[    9.847629] systemd[1]: Listening on Device-mapper event daemon FIFOs.
[[0;32m  OK  [0m] Listening on Device-mapper event daemon FIFOs.
[    9.850998] systemd[1]: Reached target Encrypted Volumes.
[[0;32m  OK  [0m] Reached target Encrypted Volumes.
[    9.853959] systemd[1]: Reached target Swap.
[[0;32m  OK  [0m] Reached target Swap.
[    9.856582] systemd[1]: Listening on Syslog Socket.
[[0;32m  OK  [0m] Listening on Syslog Socket.
[    9.859455] systemd[1]: Listening on Journal Socket.
[[0;32m  OK  [0m] Listening on Journal Socket.
[    9.862313] systemd[1]: Started Forward Password Requests to Wall Directory Watch.
[[0;32m  OK  [0m] Started Forward Password Requests to Wall Directory Watch.
[    9.866478] systemd[1]: Listening on LVM2 poll daemon socket.
[[0;32m  OK  [0m] Listening on LVM2 poll daemon socket.
[    9.869715] systemd[1]: Listening on Journal Audit Socket.
[[0;32m  OK  [0m] Listening on Journal Audit Socket.
[    9.872782] systemd[1]: Listening on Journal Socket (/dev/log).
[[0;32m  OK  [0m] Listening on Journal Socket (/dev/log).
[    9.876409] systemd[1]: Created slice User and Session Slice.
[[0;32m  OK  [0m] Created slice User and Session Slice.
[    9.879771] systemd[1]: Set up automount Arbitrary Executable File Formats File System Automount Point.
[[0;32m  OK  [0m] Set up automount Arbitrary Executab...ats File System Automount Point.
[    9.884466] systemd[1]: Reached target System Time Synchronized.
[[0;32m  OK  [0m] Reached target System Time Synchronized.
[    9.888014] systemd[1]: Listening on udev Control Socket.
[[0;32m  OK  [0m] Listening on udev Control Socket.
[    9.891526] systemd[1]: Listening on LVM2 metadata daemon socket.
[[0;32m  OK  [0m] Listening on LVM2 metadata daemon socket.
[    9.895102] systemd[1]: Created slice System Slice.
[[0;32m  OK  [0m] Created slice System Slice.
[    9.933219] systemd[1]: Reached target Slices.
[[0;32m  OK  [0m] Reached target Slices.
[    9.947649] systemd[1]: Starting Remount Root and Kernel File Systems...
         Starting Remount Root and Kernel File Systems...
[    9.960667] systemd[1]: Mounting Huge Pages File System...
         Mounting Huge Pages File System...
[    9.972441] systemd[1]: Starting Set console keymap...
         Starting Set console keymap...
[    9.983638] systemd[1]: Created slice system-serial\x2dgetty.slice.
[[0;32m  OK  [0m] Created slice system-serial\x2dgetty.slice.
[   10.043915] systemd[1]: Starting Load Kernel Modules...
         Starting Load Kernel Modules...
[   10.052794] systemd[1]: Mounting POSIX Message Queue File System...
         Mounting POSIX Message Queue File System...
[   10.057455] systemd[1]: Starting Nameserver information manager...
         Starting Nameserver information manager...
[   10.068521] systemd[1]: Starting Uncomplicated firewall...
         Starting Uncomplicated firewall...
[   10.080064] systemd[1]: Starting Monitoring of LVM2 mirrors, snapshots etc. using dmeventd or progress polling...
         Starting Monitoring of LVM2 mirrors... dmeventd or progress polling...
[   10.092075] systemd[1]: Starting Journal Service...
         Starting Journal Service...
[   10.095988] systemd[1]: Starting Create list of required static device nodes for the current kernel...
         Starting Create list of required st... nodes for the current kernel...
[   10.108811] systemd[1]: Mounting Debug File System...
         Mounting Debug File System...
[   10.112017] systemd[1]: Listening on udev Kernel Socket.
[[0;32m  OK  [0m] Listening on udev Kernel Socket.
[   10.115302] systemd[1]: Listening on /dev/initctl Compatibility Named Pipe.
[[0;32m  OK  [0m] Listening on /dev/initctl Compatibility Named Pipe.
[   10.203853] systemd[1]: Mounted Debug File System.
[   10.206196] EXT4-fs (sda1): re-mounted. Opts: (null)
[[0;32m  OK  [0m] Mounted Debug File System.
[   10.209238] systemd[1]: Mounted POSIX Message Queue File System.
[[0;32m  OK  [0m] Mounted POSIX Message Queue File System.
[   10.219825] systemd[1]: Mounted Huge Pages File System.
[[0;32m  OK  [0m] Mounted Huge Pages File System.
[   10.224622] systemd[1]: Started Remount Root and Kernel File Systems.
[[0;32m  OK  [0m] Started Remount Root and Kernel File Systems.
[   10.240744] systemd[1]: Started Create list of required static device nodes for the current kernel.
[[0;32m  OK  [0m] Started Create list of required sta...ce nodes for the current kernel.
[   10.264132] systemd[1]: Starting Create Static Device Nodes in /dev...
         Starting Create Static Device Nodes in /dev...
[   10.268644] systemd[1]: Starting Load/Save Random Seed...
         Starting Load/Save Random Seed...
[   10.369806] Loading iSCSI transport class v2.0-870.
[   10.431627] systemd[1]: Starting udev Coldplug all Devices...
         Starting udev Coldplug all Devices...
[   10.436389] systemd[1]: Started Uncomplicated firewall.
[[0;32m  OK  [0m] Started Uncomplicated firewall.
[   10.440576] systemd[1]: Started Nameserver information manager.
[[0;32m  OK  [0m] Started Nameserver information manager.
[   10.713201] systemd[1]: Started Load/Save Random Seed.
[[0;32m  OK  [0m] Started Load/Save Random Seed.
[   10.717359] systemd[1]: Started udev Coldplug all Devices.
[[0;32m  OK  [0m] Started udev Coldplug all Devices.
[   10.753281] iscsi: registered transport (tcp)
[   10.777175] systemd[1]: Started Journal Service.
[[0;32m  OK  [0m] Started Journal Service.
         Starting Flush Journal to Persistent Storage...
[[0;32m  OK  [0m] Started Set console keymap.
[   10.859398] systemd-journald[387]: Received request to flush runtime journal from PID 1
[[0;32m  OK  [0m] Started LVM2 metadata daemon.
[[0;32m  OK  [0m] Started Flush Journal to Persistent Storage.
[   11.077404] iscsi: registered transport (iser)
[[0;32m  OK  [0m] Started Load Kernel Modules.
         Starting Apply Kernel Variables...
         Mounting FUSE Control File System...
[[0;32m  OK  [0m] Mounted FUSE Control File System.
[[0;32m  OK  [0m] Started Apply Kernel Variables.
[[0;32m  OK  [0m] Started Create Static Device Nodes in /dev.
         Starting udev Kernel Device Manager...
[[0;32m  OK  [0m] Started Monitoring of LVM2 mirrors,...ng dmeventd or progress polling.
[[0;32m  OK  [0m] Reached target Local File Systems (Pre).
[[0;32m  OK  [0m] Reached target Local File Systems.
         Starting LSB: AppArmor initialization...
         Starting Set console font and keymap...
         Starting Initial cloud-init job (pre-networking)...
         Starting Tell Plymouth To Write Out Runtime Data...
         Starting Create Volatile Files and Directories...
[[0;32m  OK  [0m] Started Tell Plymouth To Write Out Runtime Data.
[[0;32m  OK  [0m] Started Create Volatile Files and Directories.
         Starting Update UTMP about System Boot/Shutdown...
[[0;32m  OK  [0m] Started Update UTMP about System Boot/Shutdown.
[[0;32m  OK  [0m] Started udev Kernel Device Manager.
[[0;32m  OK  [0m] Started Dispatch Password Requests to Console Directory Watch.
[[0;32m  OK  [0m] Found device /dev/ttyS0.
[[0;32m  OK  [0m] Started Set console font and keymap.
[[0;32m  OK  [0m] Created slice system-getty.slice.
[[0;32m  OK  [0m] Listening on Load/Save RF Kill Switch Status /dev/rfkill Watch.
[[0;32m  OK  [0m] Found device 82540EM Gigabit Ethern...r (PRO/1000 MT Desktop Adapter).
[[0;32m  OK  [0m] Started LSB: AppArmor initialization.
[[0;32m  OK  [0m] Found device 82540EM Gigabit Ethern...r (PRO/1000 MT Desktop Adapter).
[   17.341752] cloud-init[473]: Cloud-init v. 18.5-45-g3554ffe8-0ubuntu1~16.04.1 running 'init-local' at Sat, 04 May 2019 13:49:26 +0000. Up 16.54 seconds.
[[0;32m  OK  [0m] Started Initial cloud-init job (pre-networking).
[[0;32m  OK  [0m] Reached target Network (Pre).
         Starting Raise network interfaces...
[[0;32m  OK  [0m] Started ifup for enp0s8.
[[0;32m  OK  [0m] Started ifup for enp0s3.
[[0;32m  OK  [0m] Started Raise network interfaces.
[[0;32m  OK  [0m] Reached target Network.
         Starting Initial cloud-init job (metadata service crawler)...
[   19.164559] cloud-init[1073]: Cloud-init v. 18.5-45-g3554ffe8-0ubuntu1~16.04.1 running 'init' at Sat, 04 May 2019 13:49:28 +0000. Up 18.33 seconds.
[   19.172792] cloud-init[1073]: ci-info: ++++++++++++++++++++++++++++++++++++++Net device info+++++++++++++++++++++++++++++++++++++++
[   19.175514] cloud-init[1073]: ci-info: +--------+------+-----------------------------+---------------+--------+-------------------+
[   19.178293] cloud-init[1073]: ci-info: | Device |  Up  |           Address           |      Mask     | Scope  |     Hw-Address    |
[   19.181247] cloud-init[1073]: ci-info: +--------+------+-----------------------------+---------------+--------+-------------------+
[   19.184738] cloud-init[1073]: ci-info: | enp0s3 | True |          10.0.2.15          | 255.255.255.0 | global | 02:6d:cd:79:6e:19 |
[   19.187888] cloud-init[1073]: ci-info: | enp0s3 | True |  fe80::6d:cdff:fe79:6e19/64 |       .       |  link  | 02:6d:cd:79:6e:19 |
[   19.191023] cloud-init[1073]: ci-info: | enp0s8 | True |        192.168.33.12        | 255.255.255.0 | global | 08:00:27:8a:d7:d1 |
[   19.193411] cloud-init[1073]: ci-info: | enp0s8 | True | fe80::a00:27ff:fe8a:d7d1/64 |       .       |  link  | 08:00:27:8a:d7:d1 |
[   19.196447] cloud-init[1073]: ci-info: |   lo   | True |          127.0.0.1          |   255.0.0.0   |  host  |         .         |
[   19.199396] cloud-init[1073]: ci-info: |   lo   | True |           ::1/128           |       .       |  host  |         .         |
[   19.202387] cloud-init[1073]: ci-info: +--------+------+-----------------------------+---------------+--------+-------------------+
[   19.205365] cloud-init[1073]: ci-info: ++++++++++++++++++++++++++++Route IPv4 info++++++++++++++++++++++++++++
[   19.208010] cloud-init[1073]: ci-info: +-------+--------------+----------+---------------+-----------+-------+
[   19.210631] cloud-init[1073]: ci-info: | Route | Destination  | Gateway  |    Genmask    | Interface | Flags |
[   19.213092] cloud-init[1073]: ci-info: +-------+--------------+----------+---------------+-----------+-------+
[   19.215733] cloud-init[1073]: ci-info: |   0   |   0.0.0.0    | 10.0.2.2 |    0.0.0.0    |   enp0s3  |   UG  |
[   19.220583] cloud-init[1073]: ci-info: |   1   |   10.0.2.0   | 0.0.0.0  | 255.255.255.0 |   enp0s3  |   U   |
[   19.223200] cloud-init[1073]: ci-info: |   2   | 192.168.33.0 | 0.0.0.0  | 255.255.255.0 |   enp0s8  |   U   |
[   19.225816] cloud-init[1073]: ci-info: +-------+--------------+----------+---------------+-----------+-------+
[   19.228485] cloud-init[1073]: ci-info: +++++++++++++++++++Route IPv6 info+++++++++++++++++++
[   19.230758] cloud-init[1073]: ci-info: +-------+-------------+---------+-----------+-------+
[   19.233030] cloud-init[1073]: ci-info: | Route | Destination | Gateway | Interface | Flags |
[   19.234634] cloud-init[1073]: ci-info: +-------+-------------+---------+-----------+-------+
[   19.236895] cloud-init[1073]: ci-info: |   0   |  fe80::/64  |    ::   |   enp0s8  |   U   |
[   19.239221] cloud-init[1073]: ci-info: |   1   |  fe80::/64  |    ::   |   enp0s3  |   U   |
[   19.244545] cloud-init[1073]: ci-info: |   4   |   ff00::/8  |    ::   |   enp0s8  |   U   |
[   19.246910] cloud-init[1073]: ci-info: |   5   |   ff00::/8  |    ::   |   enp0s3  |   U   |
[   19.249439] cloud-init[1073]: ci-info: +-------+-------------+---------+-----------+-------+
[[0;32m  OK  [0m] Started Initial cloud-init job (metadata service crawler).
[[0;32m  OK  [0m] Reached target Cloud-config availability.
[[0;32m  OK  [0m] Reached target System Initialization.
[[0;32m  OK  [0m] Started Daily Cleanup of Temporary Directories.
         Starting LXD - unix socket.
         Starting Socket activation for snappy daemon.
[[0;32m  OK  [0m] Listening on ACPID Listen Socket.
[[0;32m  OK  [0m] Started Clean PHP session files every 30 mins.
[[0;32m  OK  [0m] Started Daily apt download activities.
[[0;32m  OK  [0m] Listening on UUID daemon activation socket.
[[0;32m  OK  [0m] Started Daily apt upgrade and clean activities.
[[0;32m  OK  [0m] Reached target Timers.
[[0;32m  OK  [0m] Started ACPI Events Check.
[[0;32m  OK  [0m] Reached target Paths.
[[0;32m  OK  [0m] Listening on D-Bus System Message Bus Socket.
[[0;32m  OK  [0m] Reached target Network is Online.
         Starting iSCSI initiator daemon (iscsid)...
[[0;32m  OK  [0m] Listening on LXD - unix socket.
[[0;32m  OK  [0m] Listening on Socket activation for snappy daemon.
[[0;32m  OK  [0m] Reached target Sockets.
[[0;32m  OK  [0m] Reached target Basic System.
         Starting Login Service...
         Starting /etc/rc.local Compatibility...
[[0;32m  OK  [0m] Started FUSE filesystem for LXC.
         Starting A high performance web server and a reverse proxy server...
         Starting LSB: Record successful boot for GRUB...
         Starting LSB: MD monitoring daemon...
         Starting The PHP 7.1 FastCGI Process Manager...
[[0;32m  OK  [0m] Started Deferred execution scheduler.
         Starting OpenBSD Secure Shell server...
         Starting Accounts Service...
         Starting Snappy daemon...
         Starting System Logging Service...
[[0;32m  OK  [0m] Started D-Bus System Message Bus.
         Starting Virtualbox guest utils...
[[0;32m  OK  [0m] Started ACPI event daemon.
[[0;32m  OK  [0m] Started Regular background program processing daemon.
         Starting MySQL Community Server...
         Starting LXD - container startup/shutdown...
[[0;32m  OK  [0m] Started System Logging Service.
[[0;32m  OK  [0m] Started /etc/rc.local Compatibility.
[[0;32m  OK  [0m] Started OpenBSD Secure Shell server.
[[0;32m  OK  [0m] Started Login Service.
[[0;32m  OK  [0m] Started Unattended Upgrades Shutdown.
[[0;32m  OK  [0m] Started iSCSI initiator daemon (iscsid).
         Starting Login to default iSCSI targets...
[[0;32m  OK  [0m] Started Login to default iSCSI targets.
[[0;32m  OK  [0m] Reached target Remote File Systems (Pre).
[[0;32m  OK  [0m] Reached target Remote File Systems.
         Starting LSB: daemon to balance interrupts for SMP systems...
         Starting LSB: Set the CPU Frequency Scaling governor to "ondemand"...
         Starting Permit User Sessions...
         Starting LSB: automatic crash report generation...
         Starting Authenticate and Authorize Users to Run Privileged Tasks...
[[0;32m  OK  [0m] Started LSB: Set the CPU Frequency Scaling governor to "ondemand".
[[0;32m  OK  [0m] Started LSB: MD monitoring daemon.
[[0;32m  OK  [0m] Started LSB: Record successful boot for GRUB.
[[0;32m  OK  [0m] Started Permit User Sessions.
         Starting Hold until boot process finishes up...
         Starting Terminate Plymouth Boot Screen...
[[0;32m  OK  [0m] Started Hold until boot process finishes up.
[[0;32m  OK  [0m] Started Terminate Plymouth Boot Screen.
         Starting Set console scheme...
[[0;32m  OK  [0m] Started Getty on tty1.
[[0;32m  OK  [0m] Started Serial Getty on ttyS0.
[[0;32m  OK  [0m] Reached target Login Prompts.
[[0;32m  OK  [0m] Started Set console scheme.
[[0;32m  OK  [0m] Started LSB: daemon to balance interrupts for SMP systems.
[[0;32m  OK  [0m] Started LSB: automatic crash report generation.
[[0;32m  OK  [0m] Started Authenticate and Authorize Users to Run Privileged Tasks.
[[0;32m  OK  [0m] Started Accounts Service.
[[0;32m  OK  [0m] Started Virtualbox guest utils.
[[0;32m  OK  [0m] Started A high performance web server and a reverse proxy server.
[[0;32m  OK  [0m] Started Snappy daemon.
         Starting Wait until snapd is fully seeded...
[[0;32m  OK  [0m] Started LXD - container startup/shutdown.
[[0;32m  OK  [0m] Started Wait until snapd is fully seeded.
         Starting Apply the settings specified in cloud-config...

Ubuntu 16.04.6 LTS ubuntu-xenial ttyS0

ubuntu-xenial login: [   28.471224] cloud-init[1351]: Cloud-init v. 18.5-45-g3554ffe8-0ubuntu1~16.04.1 running 'modules:config' at Sat, 04 May 2019 13:49:38 +0000. Up 27.74 seconds.
[   34.667485] cloud-init[1487]: Cloud-init v. 18.5-45-g3554ffe8-0ubuntu1~16.04.1 running 'modules:final' at Sat, 04 May 2019 13:49:44 +0000. Up 34.34 seconds.
[   34.668192] cloud-init[1487]: Cloud-init v. 18.5-45-g3554ffe8-0ubuntu1~16.04.1 finished at Sat, 04 May 2019 13:49:45 +0000. Datasource DataSourceNoCloud [seed=/dev/sdb][dsmode=net].  Up 34.65 seconds
